example_id                                   | status | run_time        |
-------------------------------------------- | ------ | --------------- |
./spec/system/visitor_visit_homepage.rb[1:1] | passed | 0.21306 seconds |
